[2026-05-27T23:18:57.723Z] [info] %cDownload the React DevTools for a better development experience: https://react.dev/link/react-devtools font-weight:bold
[2026-05-27T23:18:58.094Z] [log] [HMR] connected
[2026-05-27T23:19:21.535Z] [log] [Fast Refresh] rebuilding
[2026-05-27T23:19:22.395Z] [error] ./src/features/registrations/components/StudentRegistrationFormTanstack.tsx:7:1
Module not found: Can't resolve '@tanstack/react-form'
   5 | import { useActionState, useState } from "react";
   6 | import { useRouter } from "next/navigation";
>  7 | import { useForm } from "@tanstack/react-form";
     | ^
   8 | import { ChevronLeft, ChevronRight } from "lucide-react";
   9 | import { z } from "zod";
  10 |

https://nextjs.org/docs/messages/module-not-found
[2026-05-27T23:19:25.822Z] [error] ./src/features/registrations/components/StudentRegistrationFormTanstack.tsx:7:1
Module not found: Can't resolve '@tanstack/react-form'
   5 | import { useActionState, useState } from "react";
   6 | import { useRouter } from "next/navigation";
>  7 | import { useForm } from "@tanstack/react-form";
     | ^
   8 | import { ChevronLeft, ChevronRight } from "lucide-react";
   9 | import { z } from "zod";
  10 |

https://nextjs.org/docs/messages/module-not-found
[2026-05-27T23:19:26.776Z] [error] ./src/features/registrations/components/StudentRegistrationFormTanstack.tsx:7:1
Module not found: Can't resolve '@tanstack/react-form'
   5 | import { useActionState, useState } from "react";
   6 | import { useRouter } from "next/navigation";
>  7 | import { useForm } from "@tanstack/react-form";
     | ^
   8 | import { ChevronLeft, ChevronRight } from "lucide-react";
   9 | import { z } from "zod";
  10 |

https://nextjs.org/docs/messages/module-not-found
[2026-05-27T23:19:27.503Z] [log] [Fast Refresh] rebuilding
[2026-05-27T23:19:27.848Z] [error] ./src/features/registrations/components/StudentRegistrationFormTanstack.tsx:7:1
Module not found: Can't resolve '@tanstack/react-form'
   5 | import { useActionState, useState } from "react";
   6 | import { useRouter } from "next/navigation";
>  7 | import { useForm } from "@tanstack/react-form";
     | ^
   8 | import { ChevronLeft, ChevronRight } from "lucide-react";
   9 | import { z } from "zod";
  10 |

https://nextjs.org/docs/messages/module-not-found
[2026-05-27T23:19:27.849Z] [error] ./src/features/registrations/components/StudentRegistrationFormTanstack.tsx:7:1
Module not found: Can't resolve '@tanstack/react-form'
   5 | import { useActionState, useState } from "react";
   6 | import { useRouter } from "next/navigation";
>  7 | import { useForm } from "@tanstack/react-form";
     | ^
   8 | import { ChevronLeft, ChevronRight } from "lucide-react";
   9 | import { z } from "zod";
  10 |

https://nextjs.org/docs/messages/module-not-found
[2026-05-27T23:19:27.966Z] [error] ./src/features/registrations/components/StudentRegistrationFormTanstack.tsx:7:1
Module not found: Can't resolve '@tanstack/react-form'
   5 | import { useActionState, useState } from "react";
   6 | import { useRouter } from "next/navigation";
>  7 | import { useForm } from "@tanstack/react-form";
     | ^
   8 | import { ChevronLeft, ChevronRight } from "lucide-react";
   9 | import { z } from "zod";
  10 |

https://nextjs.org/docs/messages/module-not-found
[2026-05-27T23:19:28.062Z] [log] [Fast Refresh] rebuilding
[2026-05-27T23:19:28.285Z] [error] ./src/features/registrations/components/StudentRegistrationFormTanstack.tsx:7:1
Module not found: Can't resolve '@tanstack/react-form'
   5 | import { useActionState, useState } from "react";
   6 | import { useRouter } from "next/navigation";
>  7 | import { useForm } from "@tanstack/react-form";
     | ^
   8 | import { ChevronLeft, ChevronRight } from "lucide-react";
   9 | import { z } from "zod";
  10 |

https://nextjs.org/docs/messages/module-not-found
[2026-05-27T23:19:28.592Z] [error] Failed to load resource: the server responded with a status of 500 (Internal Server Error)
[2026-05-27T23:19:28.602Z] [error] Failed to load resource: the server responded with a status of 500 (Internal Server Error)
[2026-05-27T23:19:28.945Z] [info] %cDownload the React DevTools for a better development experience: https://react.dev/link/react-devtools font-weight:bold
[2026-05-27T23:19:29.449Z] [log] [HMR] connected
[2026-05-27T23:19:29.450Z] [error] ./src/features/registrations/components/StudentRegistrationFormTanstack.tsx:7:1
Module not found: Can't resolve '@tanstack/react-form'
   5 | import { useActionState, useState } from "react";
   6 | import { useRouter } from "next/navigation";
>  7 | import { useForm } from "@tanstack/react-form";
     | ^
   8 | import { ChevronLeft, ChevronRight } from "lucide-react";
   9 | import { z } from "zod";
  10 |

https://nextjs.org/docs/messages/module-not-found
[2026-05-27T23:21:02.621Z] [error] WebSocket connection to 'ws://localhost:3000/_next/webpack-hmr' failed: Connection closed before receiving a handshake response
[2026-05-27T23:21:05.963Z] [error] WebSocket connection to 'ws://localhost:3000/_next/webpack-hmr' failed: Error in connection establishment: net::ERR_CONNECTION_REFUSED
[2026-05-27T23:21:09.322Z] [error] WebSocket connection to 'ws://localhost:3000/_next/webpack-hmr' failed: Error in connection establishment: net::ERR_CONNECTION_REFUSED
[2026-05-27T23:21:12.697Z] [error] WebSocket connection to 'ws://localhost:3000/_next/webpack-hmr' failed: Error in connection establishment: net::ERR_CONNECTION_REFUSED
[2026-05-27T23:21:16.046Z] [error] WebSocket connection to 'ws://localhost:3000/_next/webpack-hmr' failed: Error in connection establishment: net::ERR_CONNECTION_REFUSED
[2026-05-27T23:21:23.406Z] [error] WebSocket connection to 'ws://localhost:3000/_next/webpack-hmr' failed: Error in connection establishment: net::ERR_CONNECTION_REFUSED
[2026-05-27T23:21:30.765Z] [error] WebSocket connection to 'ws://localhost:3000/_next/webpack-hmr' failed: Error in connection establishment: net::ERR_CONNECTION_REFUSED
[2026-05-27T23:21:35.967Z] [log] [HMR] connected
[2026-05-27T23:21:35.967Z] [clear] console.clear
[2026-05-27T23:21:35.992Z] [error] Failed to load resource: the server responded with a status of 404 (Not Found)
[2026-05-27T23:21:35.994Z] [warning] [Fast Refresh] performing full reload because your application had an unrecoverable error
[2026-05-27T23:21:36.926Z] [log] [Fast Refresh] rebuilding
[2026-05-27T23:21:39.237Z] [error] Failed to load resource: the server responded with a status of 404 (Not Found)
[2026-05-27T23:21:39.237Z] [warning] [Fast Refresh] performing full reload because your application had an unrecoverable error
[2026-05-27T23:21:40.017Z] [log] [Fast Refresh] rebuilding
[2026-05-27T23:21:41.812Z] [warning] [Fast Refresh] performing full reload

Fast Refresh will perform a full reload when you edit a file that's imported by modules outside of the React rendering tree.
You might have a file which exports a React component but also exports a value that is imported by a non-React component file.
Consider migrating the non-React component export to a separate file and importing it into both files.

It is also possible the parent component of the component you edited is a class component, which disables Fast Refresh.
Fast Refresh requires at least one parent function component in your React tree.
[2026-05-27T23:21:43.246Z] [info] %cDownload the React DevTools for a better development experience: https://react.dev/link/react-devtools font-weight:bold
[2026-05-27T23:21:43.800Z] [log] [HMR] connected
[2026-05-27T23:21:43.855Z] [log] [Fast Refresh] rebuilding
[2026-05-27T23:21:44.993Z] [warning] [Fast Refresh] performing full reload

Fast Refresh will perform a full reload when you edit a file that's imported by modules outside of the React rendering tree.
You might have a file which exports a React component but also exports a value that is imported by a non-React component file.
Consider migrating the non-React component export to a separate file and importing it into both files.

It is also possible the parent component of the component you edited is a class component, which disables Fast Refresh.
Fast Refresh requires at least one parent function component in your React tree.
[2026-05-27T23:21:45.986Z] [info] %cDownload the React DevTools for a better development experience: https://react.dev/link/react-devtools font-weight:bold
[2026-05-27T23:21:46.510Z] [log] [HMR] connected
[2026-05-27T23:22:47.147Z] [log] [Fast Refresh] rebuilding
[2026-05-27T23:22:48.616Z] [log] [Fast Refresh] done in 1470ms
[2026-05-27T23:22:49.173Z] [log] [Fast Refresh] rebuilding
[2026-05-27T23:22:50.286Z] [log] [Fast Refresh] done in 1112ms
[2026-05-27T23:22:54.115Z] [log] [Fast Refresh] rebuilding
[2026-05-27T23:22:54.701Z] [log] [Fast Refresh] done in 586ms
[2026-05-27T23:23:18.276Z] [info] %cDownload the React DevTools for a better development experience: https://react.dev/link/react-devtools font-weight:bold
[2026-05-27T23:23:18.739Z] [log] [HMR] connected
[2026-05-27T23:23:19.834Z] [info] %cDownload the React DevTools for a better development experience: https://react.dev/link/react-devtools font-weight:bold
[2026-05-27T23:23:20.348Z] [log] [HMR] connected
[2026-05-27T23:23:26.079Z] [info] %cDownload the React DevTools for a better development experience: https://react.dev/link/react-devtools font-weight:bold
[2026-05-27T23:23:26.655Z] [log] [HMR] connected
[2026-05-27T23:23:27.899Z] [info] %cDownload the React DevTools for a better development experience: https://react.dev/link/react-devtools font-weight:bold
[2026-05-27T23:23:28.473Z] [log] [HMR] connected
[2026-05-27T23:23:42.034Z] [info] %cDownload the React DevTools for a better development experience: https://react.dev/link/react-devtools font-weight:bold
[2026-05-27T23:23:42.516Z] [log] [HMR] connected
[2026-05-27T23:23:43.138Z] [log] [Fast Refresh] rebuilding
[2026-05-27T23:23:43.566Z] [log] [Fast Refresh] done in 428ms
[2026-05-27T23:23:44.680Z] [info] %cDownload the React DevTools for a better development experience: https://react.dev/link/react-devtools font-weight:bold
[2026-05-27T23:23:45.136Z] [log] [HMR] connected
[2026-05-27T23:24:30.168Z] [info] %cDownload the React DevTools for a better development experience: https://react.dev/link/react-devtools font-weight:bold
[2026-05-27T23:24:30.656Z] [log] [HMR] connected
[2026-05-27T23:24:54.332Z] [info] %cDownload the React DevTools for a better development experience: https://react.dev/link/react-devtools font-weight:bold
[2026-05-27T23:24:54.917Z] [log] [HMR] connected
[2026-05-27T23:25:38.760Z] [info] %cDownload the React DevTools for a better development experience: https://react.dev/link/react-devtools font-weight:bold
[2026-05-27T23:25:39.298Z] [log] [HMR] connected
[2026-05-27T23:28:21.515Z] [info] %cDownload the React DevTools for a better development experience: https://react.dev/link/react-devtools font-weight:bold
[2026-05-27T23:28:22.041Z] [log] [HMR] connected
[2026-05-27T23:32:17.072Z] [log] [Fast Refresh] rebuilding
[2026-05-27T23:32:18.693Z] [log] [Fast Refresh] done in 1621ms
[2026-05-27T23:32:19.705Z] [log] [Fast Refresh] rebuilding
[2026-05-27T23:32:21.320Z] [log] [Fast Refresh] done in 1615ms
[2026-05-27T23:32:23.259Z] [log] [Fast Refresh] rebuilding
[2026-05-27T23:32:25.664Z] [log] [Fast Refresh] done in 2404ms
[2026-05-27T23:32:31.110Z] [log] [Fast Refresh] rebuilding
[2026-05-27T23:32:33.269Z] [log] [Fast Refresh] done in 2159ms
[2026-05-27T23:33:43.744Z] [log] [Fast Refresh] rebuilding
[2026-05-27T23:33:45.000Z] [log] [Fast Refresh] done in 1254ms
[2026-05-27T23:54:12.156Z] [log] [Fast Refresh] rebuilding
[2026-05-27T23:54:13.122Z] [log] [Fast Refresh] done in 966ms
[2026-05-27T23:54:13.140Z] [log] [Fast Refresh] rebuilding
[2026-05-27T23:54:13.854Z] [log] [Fast Refresh] done in 714ms
[2026-05-27T23:54:31.767Z] [log] [Fast Refresh] rebuilding
[2026-05-27T23:54:33.110Z] [log] [Fast Refresh] done in 1342ms
[2026-05-27T23:54:33.449Z] [error] %o

%s ReferenceError: useTanstackPrototype is not defined
    at InternalNewStudentRegistrationPage (about://React/Server/webpack-internal:///(rsc)/./src/app/page-templates/registrations/new-student-registration-page.tsx?119:103:13)
    at resolveErrorDev (webpack-internal:///(app-pages-browser)/./node_modules/next/dist/compiled/react-server-dom-webpack/cjs/react-server-dom-webpack-client.browser.development.js:3270:29)
    at processFullStringRow (webpack-internal:///(app-pages-browser)/./node_modules/next/dist/compiled/react-server-dom-webpack/cjs/react-server-dom-webpack-client.browser.development.js:4436:23)
    at processFullBinaryRow (webpack-internal:///(app-pages-browser)/./node_modules/next/dist/compiled/react-server-dom-webpack/cjs/react-server-dom-webpack-client.browser.development.js:4379:7)
    at processBinaryChunk (webpack-internal:///(app-pages-browser)/./node_modules/next/dist/compiled/react-server-dom-webpack/cjs/react-server-dom-webpack-client.browser.development.js:4602:19)
    at progress (webpack-internal:///(app-pages-browser)/./node_modules/next/dist/compiled/react-server-dom-webpack/cjs/react-server-dom-webpack-client.browser.development.js:4933:9) The above error occurred in the <InternalNewStudentRegistrationPage> component. It was handled by the <ErrorBoundaryHandler> error boundary.
[2026-05-27T23:54:33.459Z] [error] [STAFFError] {source: [STAFFError], message: useTanstackPrototype is not defined, digest: 1446268464, pathname: /staff/students/new, timestamp: 2026-05-27T23:54:33.452Z}
[2026-05-27T23:54:33.461Z] [error] [STAFFError] {source: [STAFFError], message: useTanstackPrototype is not defined, digest: 1446268464, pathname: /staff/students/new, timestamp: 2026-05-27T23:54:33.459Z}
[2026-05-27T23:54:37.510Z] [log] [Fast Refresh] rebuilding
[2026-05-27T23:54:38.118Z] [log] [Fast Refresh] done in 608ms
[2026-05-27T23:54:38.181Z] [log] [Fast Refresh] rebuilding
[2026-05-27T23:54:38.538Z] [log] [Fast Refresh] done in 357ms
[2026-05-27T23:54:42.120Z] [log] [Fast Refresh] rebuilding
[2026-05-27T23:54:42.782Z] [log] [Fast Refresh] done in 661ms
[2026-05-27T23:54:46.824Z] [log] [Fast Refresh] rebuilding
[2026-05-27T23:54:47.488Z] [log] [Fast Refresh] done in 664ms
[2026-05-27T23:55:23.265Z] [log] [Fast Refresh] rebuilding
[2026-05-27T23:55:24.517Z] [log] [Fast Refresh] done in 1252ms
[2026-05-27T23:55:39.842Z] [log] [Fast Refresh] rebuilding
[2026-05-27T23:55:40.479Z] [log] [Fast Refresh] done in 638ms
[2026-05-27T23:55:41.553Z] [info] %cDownload the React DevTools for a better development experience: https://react.dev/link/react-devtools font-weight:bold
[2026-05-27T23:55:42.020Z] [log] [HMR] connected
[2026-05-27T23:55:43.919Z] [info] %cDownload the React DevTools for a better development experience: https://react.dev/link/react-devtools font-weight:bold
[2026-05-27T23:55:44.505Z] [log] [HMR] connected
[2026-05-27T23:55:54.943Z] [info] %cDownload the React DevTools for a better development experience: https://react.dev/link/react-devtools font-weight:bold
[2026-05-27T23:55:55.483Z] [log] [HMR] connected
[2026-05-27T23:58:52.398Z] [error] An async function with useActionState was called outside of a transition. This is likely not what you intended (for example, isPending will not update correctly). Either call the returned function inside startTransition, or pass it to an `action` or `formAction` prop.
[2026-05-27T23:58:53.446Z] [log] [Fast Refresh] rebuilding
[2026-05-27T23:58:54.237Z] [log] [Fast Refresh] done in 792ms
[2026-05-27T23:58:55.142Z] [log] [Fast Refresh] rebuilding
[2026-05-27T23:58:55.558Z] [log] [Fast Refresh] done in 417ms
[2026-05-27T23:59:27.819Z] [log] [Fast Refresh] rebuilding
[2026-05-27T23:59:29.065Z] [log] [Fast Refresh] rebuilding
[2026-05-27T23:59:29.077Z] [log] [Fast Refresh] done in 11ms
[2026-05-27T23:59:29.816Z] [log] [Fast Refresh] done in 750ms
[2026-05-27T23:59:32.402Z] [log] [Fast Refresh] rebuilding
[2026-05-27T23:59:33.068Z] [log] [Fast Refresh] rebuilding
[2026-05-27T23:59:33.073Z] [log] [Fast Refresh] done in 6ms
[2026-05-27T23:59:33.505Z] [log] [Fast Refresh] done in 437ms
[2026-05-27T23:59:44.935Z] [info] %cDownload the React DevTools for a better development experience: https://react.dev/link/react-devtools font-weight:bold
[2026-05-27T23:59:45.426Z] [log] [HMR] connected
[2026-05-28T00:00:08.257Z] [log] [Fast Refresh] rebuilding
[2026-05-28T00:00:09.352Z] [log] [Fast Refresh] done in 1095ms
[2026-05-28T00:00:13.981Z] [log] [Fast Refresh] rebuilding
[2026-05-28T00:00:14.846Z] [log] [Fast Refresh] done in 865ms
[2026-05-28T00:00:17.846Z] [info] %cDownload the React DevTools for a better development experience: https://react.dev/link/react-devtools font-weight:bold
[2026-05-28T00:00:18.673Z] [log] [HMR] connected
[2026-05-28T00:06:03.795Z] [log] [Fast Refresh] rebuilding
[2026-05-28T00:06:04.774Z] [log] [Fast Refresh] done in 977ms
[2026-05-28T00:06:26.146Z] [log] [Fast Refresh] rebuilding
[2026-05-28T00:06:26.869Z] [log] [Fast Refresh] done in 723ms
[2026-05-28T00:06:35.885Z] [log] [Fast Refresh] rebuilding
[2026-05-28T00:06:36.569Z] [log] [Fast Refresh] done in 683ms
[2026-05-28T00:06:50.948Z] [log] [Fast Refresh] rebuilding
[2026-05-28T00:06:51.629Z] [log] [Fast Refresh] done in 680ms
[2026-05-28T00:07:24.171Z] [log] [Fast Refresh] rebuilding
[2026-05-28T00:07:24.841Z] [log] [Fast Refresh] done in 669ms
[2026-05-28T00:10:06.018Z] [log] [Fast Refresh] rebuilding
[2026-05-28T00:10:10.274Z] [log] [Fast Refresh] done in 4255ms
[2026-05-28T00:10:48.212Z] [log] [Fast Refresh] rebuilding
[2026-05-28T00:10:50.624Z] [log] [Fast Refresh] done in 2411ms
[2026-05-28T00:10:56.352Z] [log] [Fast Refresh] rebuilding
[2026-05-28T00:10:58.192Z] [log] [Fast Refresh] done in 1839ms
[2026-05-28T00:11:40.807Z] [log] [HMR] connected
[2026-05-28T00:11:47.775Z] [info] %cDownload the React DevTools for a better development experience: https://react.dev/link/react-devtools font-weight:bold
[2026-05-28T00:11:48.546Z] [log] [HMR] connected
[2026-05-28T00:11:48.832Z] [log] [Fast Refresh] rebuilding
[2026-05-28T00:11:51.039Z] [log] [Fast Refresh] done in 2208ms
[2026-05-28T00:11:55.072Z] [info] %cDownload the React DevTools for a better development experience: https://react.dev/link/react-devtools font-weight:bold
[2026-05-28T00:11:55.753Z] [log] [HMR] connected
[2026-05-28T00:12:00.027Z] [log] [Fast Refresh] rebuilding
[2026-05-28T00:12:03.428Z] [log] [Fast Refresh] rebuilding
[2026-05-28T00:12:04.466Z] [log] [Fast Refresh] done in 1038ms
[2026-05-28T00:12:05.023Z] [log] [Fast Refresh] done in 1593ms
[2026-05-28T00:12:05.588Z] [log] [Fast Refresh] rebuilding
[2026-05-28T00:12:08.505Z] [log] [Fast Refresh] done in 2916ms
[2026-05-28T00:12:12.631Z] [log] [Fast Refresh] rebuilding
[2026-05-28T00:12:13.810Z] [log] [Fast Refresh] done in 1179ms
[2026-05-28T00:13:06.399Z] [log] [Fast Refresh] rebuilding
[2026-05-28T00:13:09.299Z] [log] [Fast Refresh] done in 2899ms
[2026-05-28T00:14:35.779Z] [log] [Fast Refresh] rebuilding
[2026-05-28T00:14:37.743Z] [log] [Fast Refresh] done in 1964ms
[2026-05-28T00:14:38.043Z] [log] [Fast Refresh] rebuilding
[2026-05-28T00:14:39.229Z] [log] [Fast Refresh] done in 1185ms
[2026-05-28T00:14:49.653Z] [log] [Fast Refresh] rebuilding
[2026-05-28T00:14:52.247Z] [log] [Fast Refresh] done in 2593ms
[2026-05-28T00:15:11.880Z] [log] [Fast Refresh] rebuilding
[2026-05-28T00:15:12.723Z] [log] [Fast Refresh] done in 843ms
[2026-05-28T00:16:32.741Z] [log] [Fast Refresh] rebuilding
[2026-05-28T00:16:34.230Z] [log] [Fast Refresh] done in 1489ms
[2026-05-28T00:24:07.418Z] [log] [Fast Refresh] rebuilding
[2026-05-28T00:24:08.667Z] [log] [Fast Refresh] done in 1249ms
[2026-05-28T00:24:22.402Z] [error] WebSocket connection to 'ws://localhost:3000/_next/webpack-hmr?id=LTtxzfT1Bt0kd6CzS3sPA' failed: Error in connection establishment: net::ERR_CONNECTION_REFUSED
[2026-05-28T00:24:25.780Z] [error] WebSocket connection to 'ws://localhost:3000/_next/webpack-hmr?id=LTtxzfT1Bt0kd6CzS3sPA' failed: Error in connection establishment: net::ERR_CONNECTION_REFUSED
[2026-05-28T00:24:29.158Z] [error] WebSocket connection to 'ws://localhost:3000/_next/webpack-hmr?id=LTtxzfT1Bt0kd6CzS3sPA' failed: Error in connection establishment: net::ERR_CONNECTION_REFUSED
[2026-05-28T00:24:32.524Z] [error] WebSocket connection to 'ws://localhost:3000/_next/webpack-hmr?id=LTtxzfT1Bt0kd6CzS3sPA' failed: Error in connection establishment: net::ERR_CONNECTION_REFUSED
[2026-05-28T00:24:35.892Z] [error] WebSocket connection to 'ws://localhost:3000/_next/webpack-hmr?id=LTtxzfT1Bt0kd6CzS3sPA' failed: Error in connection establishment: net::ERR_CONNECTION_REFUSED
[2026-05-28T00:24:43.229Z] [error] WebSocket connection to 'ws://localhost:3000/_next/webpack-hmr?id=LTtxzfT1Bt0kd6CzS3sPA' failed: Error in connection establishment: net::ERR_CONNECTION_REFUSED
[2026-05-28T00:24:50.610Z] [error] WebSocket connection to 'ws://localhost:3000/_next/webpack-hmr?id=LTtxzfT1Bt0kd6CzS3sPA' failed: Error in connection establishment: net::ERR_CONNECTION_REFUSED
[2026-05-28T00:24:59.906Z] [error] WebSocket connection to 'ws://localhost:3000/_next/webpack-hmr?id=LTtxzfT1Bt0kd6CzS3sPA' failed: Error in connection establishment: net::ERR_CONNECTION_REFUSED
[2026-05-28T00:25:07.304Z] [error] WebSocket connection to 'ws://localhost:3000/_next/webpack-hmr?id=LTtxzfT1Bt0kd6CzS3sPA' failed: Error in connection establishment: net::ERR_CONNECTION_REFUSED
[2026-05-28T00:25:14.694Z] [error] WebSocket connection to 'ws://localhost:3000/_next/webpack-hmr?id=LTtxzfT1Bt0kd6CzS3sPA' failed: Error in connection establishment: net::ERR_CONNECTION_REFUSED
[2026-05-28T00:25:22.122Z] [error] WebSocket connection to 'ws://localhost:3000/_next/webpack-hmr?id=LTtxzfT1Bt0kd6CzS3sPA' failed: Error in connection establishment: net::ERR_CONNECTION_REFUSED
[2026-05-28T00:25:29.544Z] [error] WebSocket connection to 'ws://localhost:3000/_next/webpack-hmr?id=LTtxzfT1Bt0kd6CzS3sPA' failed: Error in connection establishment: net::ERR_CONNECTION_REFUSED
