[2026-05-28T01:21:47.113Z] GET http://localhost:3000/login → 200 (55ms, 24685B)
[2026-05-28T01:21:47.197Z] GET http://localhost:3000/_next/static/media/26d4368bf94c0ec4-s.p.woff2?v=1779931307124 → 200 (44ms, 40240B)
[2026-05-28T01:21:47.197Z] GET http://localhost:3000/_next/static/media/3296bccdacdd55f7-s.p.woff2?v=1779931307124 → 200 (44ms, 48152B)
[2026-05-28T01:21:47.198Z] GET http://localhost:3000/_next/static/media/98e207f02528a563-s.p.woff2?v=1779931307124 → 200 (43ms, 10060B)
[2026-05-28T01:21:47.198Z] GET http://localhost:3000/_next/static/media/d3ebbfd689654d3a-s.p.woff2?v=1779931307124 → 200 (44ms, 10052B)
[2026-05-28T01:21:47.198Z] GET http://localhost:3000/_next/static/media/db96af6b531dc71f-s.p.woff2?v=1779931307124 → 200 (45ms, 10120B)
[2026-05-28T01:21:47.215Z] GET http://localhost:3000/_next/image?url=%2FHero.png&w=64&q=75 → 200 (219ms, 524B)
[2026-05-28T01:21:47.216Z] GET http://localhost:3000/_next/static/css/app/layout.css?v=1779931307124 → 200 (8ms, 176687B)
[2026-05-28T01:21:47.216Z] GET http://localhost:3000/_next/static/chunks/webpack.js?v=1779931307124 → 200 (50ms, 142828B)
[2026-05-28T01:21:47.216Z] GET http://localhost:3000/_next/static/chunks/main-app.js?v=1779931307124 → pending (?ms, ?B)
[2026-05-28T01:21:47.216Z] GET http://localhost:3000/_next/static/chunks/app-pages-internals.js → 200 (220ms, 246766B)
[2026-05-28T01:21:47.216Z] GET http://localhost:3000/_next/static/chunks/app/error.js → 200 (222ms, 415520B)
[2026-05-28T01:21:47.217Z] GET http://localhost:3000/_next/static/chunks/app/login/page.js → 200 (222ms, 911223B)
[2026-05-28T01:21:47.217Z] GET http://localhost:3000/_next/static/chunks/app/layout.js → 200 (224ms, 843782B)
[2026-05-28T01:21:47.217Z] GET http://localhost:3000/_next/static/chunks/app/not-found.js → 200 (221ms, 179839B)
[2026-05-28T01:21:47.322Z] GET http://localhost:3000/_next/static/media/26d4368bf94c0ec4-s.p.woff2 → 200 (110ms, 40240B)
[2026-05-28T01:21:48.334Z] GET http://localhost:3000/_next/static/chunks/_app-pages-browser_node_modules_tanstack_query-devtools_build_DevtoolsComponent_VKXKX7EQ_js.js → 200 (156ms, ?B)
[2026-05-28T01:21:49.102Z] POST http://localhost:3000/login → pending (?ms, ?B)
[2026-05-28T01:21:49.484Z] GET http://localhost:3000/api/students → pending (?ms, ?B)
[2026-05-28T01:21:49.518Z] GET http://localhost:3000/__nextjs_font/geist-latin.woff2 → pending (?ms, ?B)
[2026-05-28T01:21:50.873Z] GET http://localhost:3000/_next/static/webpack/8130487142d3da03.webpack.hot-update.json → 200 (26ms, 31B)
[2026-05-28T01:21:50.900Z] GET http://localhost:3000/_next/static/webpack/webpack.8130487142d3da03.hot-update.js → 200 (43ms, 1157B)
[2026-05-28T01:21:51.487Z] GET http://localhost:3000/_next/static/webpack/1b44cba4780be534.webpack.hot-update.json → pending (?ms, ?B)
[2026-05-28T01:21:51.784Z] GET http://localhost:3000/_next/static/webpack/webpack.1b44cba4780be534.hot-update.js → 200 (14ms, 1157B)
[2026-05-28T01:21:51.882Z] GET http://localhost:3000/_next/static/chunks/app/admin/error.js → 200 (73ms, 415835B)
[2026-05-28T01:21:51.890Z] GET http://localhost:3000/_next/static/chunks/app/admin/dashboard/page.js → 200 (65ms, 179850B)
[2026-05-28T01:21:51.890Z] GET http://localhost:3000/_next/static/css/app/layout.css?v=1779931311669 → 200 (17ms, 176687B)
[2026-05-28T01:21:51.954Z] GET http://localhost:3000/_next/static/chunks/app/admin/layout.js → 200 (49ms, 2144163B)
[2026-05-28T01:21:52.071Z] GET http://localhost:3000/_next/image?url=%2FMLAND%20LOGO.png&w=32&q=75 → 200 (33ms, 1060B)
[2026-05-28T01:22:05.183Z] GET http://localhost:3000/staff/students → pending (?ms, ?B)
[2026-05-28T01:22:06.629Z] GET http://localhost:3000/_next/static/webpack/44e9e7cd51cfd3f5.webpack.hot-update.json → pending (?ms, ?B)
[2026-05-28T01:22:07.042Z] GET http://localhost:3000/_next/static/media/26d4368bf94c0ec4-s.p.woff2?v=1779931326733 → 200 (26ms, 40240B)
[2026-05-28T01:22:07.042Z] GET http://localhost:3000/_next/static/media/3296bccdacdd55f7-s.p.woff2?v=1779931326733 → 200 (30ms, 48152B)
[2026-05-28T01:22:07.042Z] GET http://localhost:3000/_next/static/media/98e207f02528a563-s.p.woff2?v=1779931326733 → 200 (34ms, 10060B)
[2026-05-28T01:22:07.042Z] GET http://localhost:3000/_next/static/media/d3ebbfd689654d3a-s.p.woff2?v=1779931326733 → 200 (34ms, 10052B)
[2026-05-28T01:22:07.044Z] GET http://localhost:3000/_next/static/media/db96af6b531dc71f-s.p.woff2?v=1779931326733 → 200 (139ms, 10120B)
[2026-05-28T01:22:07.044Z] GET http://localhost:3000/_next/static/css/app/layout.css?v=1779931326733 → 200 (31ms, 176687B)
[2026-05-28T01:22:07.044Z] GET http://localhost:3000/_next/static/chunks/webpack.js?v=1779931326733 → 200 (234ms, 142828B)
[2026-05-28T01:22:07.044Z] GET http://localhost:3000/_next/static/chunks/main-app.js?v=1779931326733 → 200 (593ms, ?B)
[2026-05-28T01:22:07.044Z] GET http://localhost:3000/_next/static/chunks/app-pages-internals.js → 200 (219ms, 246766B)
[2026-05-28T01:22:07.044Z] GET http://localhost:3000/_next/static/chunks/app/layout.js → 200 (236ms, 843782B)
[2026-05-28T01:22:07.044Z] GET http://localhost:3000/_next/static/chunks/app/error.js → 200 (235ms, 415520B)
[2026-05-28T01:22:07.044Z] GET http://localhost:3000/_next/static/chunks/app/not-found.js → 200 (228ms, 179839B)
[2026-05-28T01:22:07.044Z] GET http://localhost:3000/_next/static/chunks/app/staff/error.js → 200 (279ms, 415836B)
[2026-05-28T01:22:07.195Z] GET http://localhost:3000/_next/static/media/26d4368bf94c0ec4-s.p.woff2 → 200 (?ms, ?B)
[2026-05-28T01:22:07.267Z] GET http://localhost:3000/_next/static/chunks/app/staff/students/page.js → 200 (57ms, 737181B)
[2026-05-28T01:22:07.269Z] GET http://localhost:3000/_next/image?url=%2FMLAND%20LOGO.png&w=32&q=75 → 304 (19ms, ?B)
[2026-05-28T01:22:07.269Z] GET http://localhost:3000/_next/static/chunks/app/staff/layout.js → 200 (89ms, 2144163B)
[2026-05-28T01:22:08.743Z] GET http://localhost:3000/__nextjs_font/geist-latin.woff2 → 200 (?ms, ?B)
[2026-05-28T01:22:08.796Z] GET http://localhost:3000/_next/static/chunks/_app-pages-browser_node_modules_tanstack_query-devtools_build_DevtoolsComponent_VKXKX7EQ_js.js → 200 (12ms, 1289332B)
[2026-05-28T01:22:09.075Z] GET http://localhost:3000/api/students?schoolYearId=f827e7dd-720f-4c21-8865-ed196eaf4dbf → 200 (45ms, 4376B)
[2026-05-28T01:22:23.400Z] GET http://localhost:3000/api/students → 200 (28ms, 4356B)
[2026-05-28T01:22:37.708Z] GET http://localhost:3000/staff/students/2fecdbe1-4b78-4ee4-a1e0-a7672f172e20/edit → pending (?ms, ?B)
[2026-05-28T01:22:52.699Z] GET http://localhost:3000/_next/static/chunks/fallback/webpack.js → 200 (49ms, 139040B)
[2026-05-28T01:22:52.699Z] GET http://localhost:3000/_next/static/chunks/fallback/main.js → 200 (245ms, ?B)
[2026-05-28T01:22:52.699Z] GET http://localhost:3000/_next/static/chunks/fallback/pages/_app.js → 200 (50ms, 3469B)
[2026-05-28T01:22:52.700Z] GET http://localhost:3000/_next/static/chunks/fallback/pages/_error.js → 200 (56ms, 3449B)
[2026-05-28T01:22:52.700Z] GET http://localhost:3000/_next/static/chunks/fallback/react-refresh.js → 200 (56ms, 79299B)
[2026-05-28T01:22:53.180Z] GET http://localhost:3000/_next/static/development/_devMiddlewareManifest.json → 200 (258ms, 2B)
[2026-05-28T01:22:53.452Z] GET http://localhost:3000/__nextjs_font/geist-latin.woff2 → 200 (1ms, ?B)
[2026-05-28T01:22:53.509Z] GET http://localhost:3000/__nextjs_font/geist-mono-latin.woff2 → 200 (11ms, 31288B)
[2026-05-28T01:23:16.913Z] GET http://localhost:3000/staff/students/2fecdbe1-4b78-4ee4-a1e0-a7672f172e20/edit → 500 (25ms, 2607B)
[2026-05-28T01:23:16.944Z] GET http://localhost:3000/_next/static/chunks/fallback/webpack.js → 304 (5ms, ?B)
[2026-05-28T01:23:16.944Z] GET http://localhost:3000/_next/static/chunks/fallback/main.js → 304 (14ms, ?B)
[2026-05-28T01:23:16.944Z] GET http://localhost:3000/_next/static/chunks/fallback/pages/_app.js → 304 (13ms, ?B)
[2026-05-28T01:23:16.944Z] GET http://localhost:3000/_next/static/chunks/fallback/pages/_error.js → 304 (13ms, ?B)
[2026-05-28T01:23:16.944Z] GET http://localhost:3000/_next/static/chunks/fallback/react-refresh.js → 304 (11ms, ?B)
[2026-05-28T01:23:17.100Z] GET http://localhost:3000/_next/static/development/_devMiddlewareManifest.json → 200 (6ms, 2B)
[2026-05-28T01:23:17.131Z] GET http://localhost:3000/__nextjs_font/geist-latin.woff2 → 200 (?ms, ?B)
[2026-05-28T01:23:17.132Z] GET http://localhost:3000/__nextjs_font/geist-mono-latin.woff2 → 200 (?ms, ?B)
[2026-05-28T01:23:19.840Z] GET http://localhost:3000/staff/students/2fecdbe1-4b78-4ee4-a1e0-a7672f172e20/edit → 500 (25ms, 2607B)
[2026-05-28T01:23:19.872Z] GET http://localhost:3000/_next/static/chunks/fallback/webpack.js → 304 (3ms, ?B)
[2026-05-28T01:23:19.872Z] GET http://localhost:3000/_next/static/chunks/fallback/main.js → 304 (4ms, ?B)
[2026-05-28T01:23:19.872Z] GET http://localhost:3000/_next/static/chunks/fallback/pages/_app.js → 304 (5ms, ?B)
[2026-05-28T01:23:19.873Z] GET http://localhost:3000/_next/static/chunks/fallback/pages/_error.js → 304 (143ms, ?B)
[2026-05-28T01:23:19.873Z] GET http://localhost:3000/_next/static/chunks/fallback/react-refresh.js → 304 (3ms, ?B)
[2026-05-28T01:23:20.016Z] GET http://localhost:3000/_next/static/development/_devMiddlewareManifest.json → 200 (5ms, 2B)
[2026-05-28T01:23:20.076Z] GET http://localhost:3000/__nextjs_font/geist-latin.woff2 → 200 (?ms, ?B)
[2026-05-28T01:23:20.077Z] GET http://localhost:3000/__nextjs_font/geist-mono-latin.woff2 → 200 (?ms, ?B)
[2026-05-28T01:23:42.244Z] GET http://localhost:3000/staff/students/new → pending (?ms, ?B)
[2026-05-28T01:23:47.455Z] GET http://localhost:3000/_next/static/chunks/fallback/webpack.js → 304 (3ms, ?B)
[2026-05-28T01:23:47.455Z] GET http://localhost:3000/_next/static/chunks/fallback/main.js → 304 (6ms, ?B)
[2026-05-28T01:23:47.455Z] GET http://localhost:3000/_next/static/chunks/fallback/pages/_app.js → 304 (7ms, ?B)
[2026-05-28T01:23:47.456Z] GET http://localhost:3000/_next/static/chunks/fallback/pages/_error.js → 304 (121ms, ?B)
[2026-05-28T01:23:47.456Z] GET http://localhost:3000/_next/static/chunks/fallback/react-refresh.js → 304 (6ms, ?B)
[2026-05-28T01:23:47.577Z] GET http://localhost:3000/_next/static/development/_devMiddlewareManifest.json → 200 (4ms, 2B)
[2026-05-28T01:23:47.619Z] GET http://localhost:3000/__nextjs_font/geist-latin.woff2 → 200 (?ms, ?B)
[2026-05-28T01:23:47.619Z] GET http://localhost:3000/__nextjs_font/geist-mono-latin.woff2 → 200 (?ms, ?B)
[2026-05-28T01:25:48.366Z] GET http://localhost:3000/_next/static/webpack/4022afb16d96c8b1.webpack.hot-update.json → 404 (48ms, ?B)
[2026-05-28T01:25:48.417Z] GET http://localhost:3000/staff/students/new → pending (?ms, ?B)
[2026-05-28T01:25:53.781Z] GET http://localhost:3000/_next/static/webpack/4022afb16d96c8b1.webpack.hot-update.json → 404 (96ms, ?B)
[2026-05-28T01:25:53.881Z] GET http://localhost:3000/staff/students/new → pending (?ms, ?B)
[2026-05-28T01:26:01.390Z] GET http://localhost:3000/staff/students/new → pending (?ms, ?B)
[2026-05-28T01:26:01.391Z] GET http://localhost:3000/staff/students/new → pending (?ms, ?B)
[2026-05-28T01:26:03.084Z] GET http://localhost:3000/_next/static/chunks/fallback/webpack.js → pending (?ms, ?B)
[2026-05-28T01:26:03.084Z] GET http://localhost:3000/_next/static/chunks/fallback/main.js → pending (?ms, ?B)
[2026-05-28T01:26:03.084Z] GET http://localhost:3000/_next/static/chunks/fallback/pages/_app.js → pending (?ms, ?B)
[2026-05-28T01:26:03.084Z] GET http://localhost:3000/_next/static/chunks/fallback/pages/_error.js → pending (?ms, ?B)
[2026-05-28T01:26:03.084Z] GET http://localhost:3000/_next/static/chunks/fallback/react-refresh.js → pending (?ms, ?B)
[2026-05-28T01:26:03.613Z] GET http://localhost:3000/_next/static/development/_devMiddlewareManifest.json → 200 (215ms, 2B)
[2026-05-28T01:26:03.830Z] GET http://localhost:3000/__nextjs_font/geist-latin.woff2 → 200 (?ms, ?B)
[2026-05-28T01:26:03.831Z] GET http://localhost:3000/__nextjs_font/geist-mono-latin.woff2 → 200 (?ms, ?B)
[2026-05-28T01:26:40.657Z] GET http://localhost:3000/_next/static/webpack/26836fa440f2ae67.webpack.hot-update.json → 404 (89ms, ?B)
[2026-05-28T01:26:40.747Z] GET http://localhost:3000/staff/students/new → pending (?ms, ?B)
[2026-05-28T01:26:44.883Z] GET http://localhost:3000/_next/static/webpack/26836fa440f2ae67.webpack.hot-update.json → 404 (107ms, ?B)
[2026-05-28T01:26:44.991Z] GET http://localhost:3000/staff/students/new → pending (?ms, ?B)
[2026-05-28T01:26:46.479Z] GET http://localhost:3000/staff/students/new → pending (?ms, ?B)
[2026-05-28T01:26:46.479Z] GET http://localhost:3000/_next/static/webpack/26836fa440f2ae67.webpack.hot-update.json → pending (?ms, ?B)
[2026-05-28T01:26:47.615Z] GET http://localhost:3000/_next/static/css/app/layout.css?v=1779931607391 → 200 (45ms, 176705B)
[2026-05-28T01:26:47.615Z] GET http://localhost:3000/_next/static/chunks/webpack.js?v=1779931607391 → 200 (55ms, 142828B)
[2026-05-28T01:26:47.615Z] GET http://localhost:3000/_next/static/chunks/main-app.js?v=1779931607391 → 200 (842ms, ?B)
[2026-05-28T01:26:47.615Z] GET http://localhost:3000/_next/static/chunks/app-pages-internals.js → 200 (462ms, 253012B)
[2026-05-28T01:26:47.617Z] GET http://localhost:3000/_next/static/chunks/app/layout.js → 200 (544ms, 849360B)
[2026-05-28T01:26:47.617Z] GET http://localhost:3000/_next/static/chunks/app/error.js → 200 (523ms, 417494B)
[2026-05-28T01:26:47.617Z] GET http://localhost:3000/_next/static/chunks/app/not-found.js → 200 (489ms, 181177B)
[2026-05-28T01:26:47.617Z] GET http://localhost:3000/_next/static/chunks/app/staff/error.js → 200 (537ms, 417882B)
[2026-05-28T01:26:47.693Z] GET http://localhost:3000/_next/static/media/26d4368bf94c0ec4-s.p.woff2 → 200 (1ms, ?B)
[2026-05-28T01:26:49.249Z] GET http://localhost:3000/__nextjs_font/geist-latin.woff2 → 200 (?ms, ?B)
[2026-05-28T01:26:49.249Z] GET http://localhost:3000/__nextjs_font/geist-mono-latin.woff2 → 200 (?ms, ?B)
[2026-05-28T01:26:49.291Z] GET http://localhost:3000/_next/static/chunks/_app-pages-browser_node_modules_tanstack_query-devtools_build_DevtoolsComponent_VKXKX7EQ_js.js → 200 (141ms, ?B)
[2026-05-28T01:26:49.324Z] GET http://localhost:3000/login → pending (?ms, ?B)
[2026-05-28T01:26:49.714Z] GET http://localhost:3000/_next/static/webpack/6415c03efac22f9f.webpack.hot-update.json → pending (?ms, ?B)
[2026-05-28T01:26:50.269Z] GET http://localhost:3000/_next/image?url=%2FHero.png&w=64&q=75 → 200 (57ms, 524B)
[2026-05-28T01:26:50.269Z] GET http://localhost:3000/_next/static/css/app/layout.css?v=1779931609897 → 200 (46ms, 176705B)
[2026-05-28T01:26:50.269Z] GET http://localhost:3000/_next/static/chunks/webpack.js?v=1779931609897 → 200 (89ms, 142828B)
[2026-05-28T01:26:50.269Z] GET http://localhost:3000/_next/static/chunks/main-app.js?v=1779931609897 → pending (?ms, ?B)
[2026-05-28T01:26:50.270Z] GET http://localhost:3000/_next/static/chunks/app-pages-internals.js → 200 (70ms, 253012B)
[2026-05-28T01:26:50.270Z] GET http://localhost:3000/_next/static/chunks/app/error.js → 200 (72ms, 417494B)
[2026-05-28T01:26:50.270Z] GET http://localhost:3000/_next/static/chunks/app/login/page.js → 200 (125ms, 917231B)
[2026-05-28T01:26:50.270Z] GET http://localhost:3000/_next/static/chunks/app/layout.js → 200 (89ms, 849360B)
[2026-05-28T01:26:50.270Z] GET http://localhost:3000/_next/static/chunks/app/not-found.js → 200 (86ms, 181177B)
[2026-05-28T01:26:50.332Z] GET http://localhost:3000/_next/static/media/26d4368bf94c0ec4-s.p.woff2 → 200 (1ms, ?B)
[2026-05-28T01:26:51.478Z] GET http://localhost:3000/__nextjs_font/geist-latin.woff2 → 200 (?ms, ?B)
[2026-05-28T01:26:51.479Z] GET http://localhost:3000/__nextjs_font/geist-mono-latin.woff2 → 200 (?ms, ?B)
[2026-05-28T01:26:51.512Z] GET http://localhost:3000/_next/static/chunks/_app-pages-browser_node_modules_tanstack_query-devtools_build_DevtoolsComponent_VKXKX7EQ_js.js → 304 (3ms, ?B)
[2026-05-28T01:27:01.528Z] GET http://localhost:3000/_next/static/webpack/38ae5d26d106495d.webpack.hot-update.json → pending (?ms, ?B)
[2026-05-28T01:27:01.829Z] GET http://localhost:3000/_next/static/webpack/webpack.38ae5d26d106495d.hot-update.js → 200 (20ms, 1157B)
[2026-05-28T01:27:03.272Z] GET http://localhost:3000/_next/static/webpack/e6025e03c0d5f135.webpack.hot-update.json → 200 (252ms, 31B)
[2026-05-28T01:27:03.525Z] GET http://localhost:3000/_next/static/webpack/webpack.e6025e03c0d5f135.hot-update.js → 200 (13ms, 1157B)
[2026-05-28T01:27:21.755Z] GET http://localhost:3000/_next/static/webpack/522957f2d8dd412d.webpack.hot-update.json → pending (?ms, ?B)
[2026-05-28T01:27:22.049Z] GET http://localhost:3000/_next/static/webpack/webpack.522957f2d8dd412d.hot-update.js → 200 (9ms, 1157B)
[2026-05-28T01:27:23.172Z] GET http://localhost:3000/login?_rsc=06zRUfsMSCGZeM4t → 200 (532ms, ?B)
[2026-05-28T01:27:23.176Z] GET http://localhost:3000/_next/static/webpack/c2fbc19f19b63795.webpack.hot-update.json → 200 (668ms, 31B)
[2026-05-28T01:27:23.845Z] GET http://localhost:3000/_next/static/webpack/webpack.c2fbc19f19b63795.hot-update.js → pending (?ms, ?B)
[2026-05-28T01:27:23.881Z] GET http://localhost:3000/_next/static/css/app/layout.css?v=1779931643620 → 200 (62ms, 176705B)
[2026-05-28T01:27:55.899Z] GET http://localhost:3000/_next/static/webpack/a21ff04074ca6df2.webpack.hot-update.json → pending (?ms, ?B)
[2026-05-28T01:27:56.331Z] GET http://localhost:3000/_next/static/webpack/webpack.a21ff04074ca6df2.hot-update.js → 200 (29ms, 1157B)
[2026-05-28T01:28:14.800Z] GET http://localhost:3000/login → 200 (58ms, 23881B)
[2026-05-28T01:28:14.901Z] GET http://localhost:3000/_next/image?url=%2FHero.png&w=64&q=75 → 304 (13ms, ?B)
[2026-05-28T01:28:14.901Z] GET http://localhost:3000/_next/static/css/app/layout.css?v=1779931694807 → 200 (14ms, 176705B)
[2026-05-28T01:28:14.902Z] GET http://localhost:3000/_next/static/chunks/webpack.js?v=1779931694807 → 200 (35ms, 142828B)
[2026-05-28T01:28:14.902Z] GET http://localhost:3000/_next/static/chunks/main-app.js?v=1779931694807 → 200 (349ms, ?B)
[2026-05-28T01:28:14.902Z] GET http://localhost:3000/_next/static/chunks/app-pages-internals.js → 200 (38ms, 253012B)
[2026-05-28T01:28:14.902Z] GET http://localhost:3000/_next/static/chunks/app/error.js → 200 (42ms, 417494B)
[2026-05-28T01:28:14.902Z] GET http://localhost:3000/_next/static/chunks/app/login/page.js → 200 (66ms, 917231B)
[2026-05-28T01:28:14.902Z] GET http://localhost:3000/_next/static/chunks/app/layout.js → 200 (66ms, 849360B)
[2026-05-28T01:28:14.902Z] GET http://localhost:3000/_next/static/chunks/app/not-found.js → 200 (43ms, 181177B)
[2026-05-28T01:28:14.932Z] GET http://localhost:3000/_next/static/media/26d4368bf94c0ec4-s.p.woff2 → 200 (?ms, ?B)
[2026-05-28T01:28:16.033Z] GET http://localhost:3000/__nextjs_font/geist-latin.woff2 → 200 (?ms, ?B)
[2026-05-28T01:28:16.034Z] GET http://localhost:3000/__nextjs_font/geist-mono-latin.woff2 → 200 (?ms, ?B)
[2026-05-28T01:28:16.053Z] GET http://localhost:3000/_next/static/chunks/_app-pages-browser_node_modules_tanstack_query-devtools_build_DevtoolsComponent_VKXKX7EQ_js.js → 200 (32ms, 1289444B)
[2026-05-28T01:28:16.703Z] POST http://localhost:3000/login → pending (?ms, ?B)
[2026-05-28T01:28:17.979Z] GET http://localhost:3000/_next/static/webpack/62716d6dd0eb7d95.webpack.hot-update.json → 200 (280ms, 31B)
[2026-05-28T01:28:18.259Z] GET http://localhost:3000/_next/static/webpack/webpack.62716d6dd0eb7d95.hot-update.js → 200 (9ms, 1157B)
[2026-05-28T01:28:18.363Z] GET http://localhost:3000/_next/static/chunks/app/admin/error.js → 200 (24ms, 417881B)
[2026-05-28T01:28:18.375Z] GET http://localhost:3000/_next/static/chunks/app/admin/dashboard/page.js → 200 (12ms, 181188B)
[2026-05-28T01:28:18.375Z] GET http://localhost:3000/_next/static/css/app/layout.css?v=1779931698082 → 200 (9ms, 176705B)
[2026-05-28T01:28:18.384Z] GET http://localhost:3000/_next/static/chunks/app/admin/layout.js → pending (?ms, ?B)
[2026-05-28T01:28:18.391Z] GET http://localhost:3000/login → 200 (174ms, 23881B)
[2026-05-28T01:28:18.601Z] GET http://localhost:3000/_next/image?url=%2FHero.png&w=64&q=75 → 304 (5ms, ?B)
[2026-05-28T01:28:18.601Z] GET http://localhost:3000/_next/static/css/app/layout.css?v=1779931698408 → 200 (6ms, 176705B)
[2026-05-28T01:28:18.602Z] GET http://localhost:3000/_next/static/chunks/webpack.js?v=1779931698408 → 200 (13ms, 142828B)
[2026-05-28T01:28:18.602Z] GET http://localhost:3000/_next/static/chunks/main-app.js?v=1779931698408 → 200 (338ms, ?B)
[2026-05-28T01:28:18.602Z] GET http://localhost:3000/_next/static/chunks/app-pages-internals.js → 200 (28ms, 253012B)
[2026-05-28T01:28:18.602Z] GET http://localhost:3000/_next/static/chunks/app/error.js → 200 (43ms, 417494B)
[2026-05-28T01:28:18.602Z] GET http://localhost:3000/_next/static/chunks/app/login/page.js → 200 (43ms, 917231B)
[2026-05-28T01:28:18.602Z] GET http://localhost:3000/_next/static/chunks/app/layout.js → 200 (44ms, 849360B)
[2026-05-28T01:28:18.602Z] GET http://localhost:3000/_next/static/chunks/app/not-found.js → 200 (43ms, 181177B)
[2026-05-28T01:28:18.625Z] GET http://localhost:3000/_next/static/media/26d4368bf94c0ec4-s.p.woff2 → 200 (1ms, ?B)
[2026-05-28T01:28:19.710Z] GET http://localhost:3000/__nextjs_font/geist-latin.woff2 → 200 (1ms, ?B)
[2026-05-28T01:28:19.711Z] GET http://localhost:3000/__nextjs_font/geist-mono-latin.woff2 → 200 (?ms, ?B)
[2026-05-28T01:28:19.742Z] GET http://localhost:3000/_next/static/chunks/_app-pages-browser_node_modules_tanstack_query-devtools_build_DevtoolsComponent_VKXKX7EQ_js.js → 200 (63ms, 1289444B)
[2026-05-28T01:28:27.605Z] GET http://localhost:3000/staff/students/2fecdbe1-4b78-4ee4-a1e0-a7672f172e20/edit → pending (?ms, ?B)
[2026-05-28T01:28:28.856Z] GET http://localhost:3000/_next/static/webpack/4013059e87dcee17.webpack.hot-update.json → 200 (239ms, ?B)
[2026-05-28T01:28:29.096Z] GET http://localhost:3000/_next/static/webpack/webpack.4013059e87dcee17.hot-update.js → 200 (5ms, ?B)
[2026-05-28T01:28:30.047Z] GET http://localhost:3000/_next/static/css/app/layout.css?v=1779931709813 → 200 (12ms, 176705B)
[2026-05-28T01:28:30.047Z] GET http://localhost:3000/_next/static/chunks/webpack.js?v=1779931709813 → 200 (23ms, 142828B)
[2026-05-28T01:28:30.048Z] GET http://localhost:3000/_next/static/chunks/main-app.js?v=1779931709813 → pending (?ms, ?B)
[2026-05-28T01:28:30.048Z] GET http://localhost:3000/_next/static/chunks/app-pages-internals.js → 200 (125ms, 253012B)
[2026-05-28T01:28:30.048Z] GET http://localhost:3000/_next/static/chunks/app/layout.js → 200 (138ms, 849360B)
[2026-05-28T01:28:30.048Z] GET http://localhost:3000/_next/static/chunks/app/error.js → 200 (137ms, 417494B)
[2026-05-28T01:28:30.048Z] GET http://localhost:3000/_next/static/chunks/app/staff/students/%5Bid%5D/edit/page.js → 200 (326ms, ?B)
[2026-05-28T01:28:30.048Z] GET http://localhost:3000/_next/static/chunks/app/staff/error.js → 200 (185ms, 417882B)
[2026-05-28T01:28:30.048Z] GET http://localhost:3000/_next/static/css/app/staff/students/%5Bid%5D/layout.css?v=1779931709813 → 200 (11ms, 7999B)
[2026-05-28T01:28:30.076Z] GET http://localhost:3000/_next/static/media/26d4368bf94c0ec4-s.p.woff2 → 200 (?ms, ?B)
[2026-05-28T01:28:30.231Z] GET http://localhost:3000/_next/image?url=%2FMLAND%20LOGO.png&w=32&q=75 → 200 (9ms, 1060B)
[2026-05-28T01:28:30.231Z] GET http://localhost:3000/_next/static/chunks/app/staff/layout.js → 200 (56ms, 2161883B)
[2026-05-28T01:28:31.427Z] GET http://localhost:3000/__nextjs_font/geist-latin.woff2 → 200 (?ms, ?B)
[2026-05-28T01:28:31.428Z] GET http://localhost:3000/__nextjs_font/geist-mono-latin.woff2 → 200 (?ms, ?B)
[2026-05-28T01:28:31.480Z] GET http://localhost:3000/_next/static/chunks/_app-pages-browser_node_modules_tanstack_query-devtools_build_DevtoolsComponent_VKXKX7EQ_js.js → 200 (11ms, ?B)
[2026-05-28T01:28:43.947Z] GET http://localhost:3000/staff/students/2fecdbe1-4b78-4ee4-a1e0-a7672f172e20/edit → 200 (124ms, 63946B)
[2026-05-28T01:28:44.084Z] GET http://localhost:3000/_next/static/css/app/layout.css?v=1779931723972 → 200 (13ms, 176705B)
[2026-05-28T01:28:44.084Z] GET http://localhost:3000/_next/static/chunks/webpack.js?v=1779931723972 → 200 (110ms, 142828B)
[2026-05-28T01:28:44.084Z] GET http://localhost:3000/_next/static/chunks/main-app.js?v=1779931723972 → 200 (444ms, ?B)
[2026-05-28T01:28:44.084Z] GET http://localhost:3000/_next/static/chunks/app-pages-internals.js → 304 (114ms, ?B)
[2026-05-28T01:28:44.084Z] GET http://localhost:3000/_next/static/chunks/app/layout.js → 304 (116ms, ?B)
[2026-05-28T01:28:44.084Z] GET http://localhost:3000/_next/static/chunks/app/error.js → 304 (117ms, ?B)
[2026-05-28T01:28:44.084Z] GET http://localhost:3000/_next/static/chunks/app/staff/students/%5Bid%5D/edit/page.js → 304 (118ms, ?B)
[2026-05-28T01:28:44.084Z] GET http://localhost:3000/_next/static/chunks/app/staff/error.js → 304 (118ms, ?B)
[2026-05-28T01:28:44.084Z] GET http://localhost:3000/_next/static/css/app/staff/students/%5Bid%5D/layout.css?v=1779931723972 → 200 (25ms, 7999B)
[2026-05-28T01:28:44.172Z] GET http://localhost:3000/_next/static/media/26d4368bf94c0ec4-s.p.woff2 → 200 (?ms, ?B)
[2026-05-28T01:28:44.234Z] GET http://localhost:3000/_next/image?url=%2FMLAND%20LOGO.png&w=32&q=75 → 304 (16ms, ?B)
[2026-05-28T01:28:44.234Z] GET http://localhost:3000/_next/static/chunks/app/staff/layout.js → 304 (4ms, ?B)
[2026-05-28T01:28:45.411Z] GET http://localhost:3000/__nextjs_font/geist-latin.woff2 → 200 (?ms, ?B)
[2026-05-28T01:28:45.411Z] GET http://localhost:3000/__nextjs_font/geist-mono-latin.woff2 → 200 (1ms, ?B)
[2026-05-28T01:28:45.513Z] GET http://localhost:3000/_next/static/chunks/_app-pages-browser_node_modules_tanstack_query-devtools_build_DevtoolsComponent_VKXKX7EQ_js.js → 200 (16ms, ?B)
[2026-05-28T01:28:55.088Z] GET http://localhost:3000/staff/students/2fecdbe1-4b78-4ee4-a1e0-a7672f172e20/edit → 200 (101ms, 63946B)
[2026-05-28T01:28:55.201Z] GET http://localhost:3000/_next/static/css/app/layout.css?v=1779931735107 → 200 (22ms, 176705B)
[2026-05-28T01:28:55.201Z] GET http://localhost:3000/_next/static/chunks/webpack.js?v=1779931735107 → 200 (103ms, 142828B)
[2026-05-28T01:28:55.201Z] GET http://localhost:3000/_next/static/chunks/main-app.js?v=1779931735107 → 200 (428ms, ?B)
[2026-05-28T01:28:55.201Z] GET http://localhost:3000/_next/static/chunks/app-pages-internals.js → 200 (113ms, 253012B)
[2026-05-28T01:28:55.201Z] GET http://localhost:3000/_next/static/chunks/app/layout.js → 200 (132ms, 849360B)
[2026-05-28T01:28:55.201Z] GET http://localhost:3000/_next/static/chunks/app/error.js → 200 (129ms, 417494B)
[2026-05-28T01:28:55.201Z] GET http://localhost:3000/_next/static/chunks/app/staff/students/%5Bid%5D/edit/page.js → 200 (179ms, 2692079B)
[2026-05-28T01:28:55.201Z] GET http://localhost:3000/_next/static/chunks/app/staff/error.js → 200 (129ms, 417882B)
[2026-05-28T01:28:55.201Z] GET http://localhost:3000/_next/static/css/app/staff/students/%5Bid%5D/layout.css?v=1779931735107 → 200 (21ms, 7999B)
[2026-05-28T01:28:55.279Z] GET http://localhost:3000/_next/static/media/26d4368bf94c0ec4-s.p.woff2 → 200 (?ms, ?B)
[2026-05-28T01:28:55.332Z] GET http://localhost:3000/_next/image?url=%2FMLAND%20LOGO.png&w=32&q=75 → 200 (7ms, 1060B)
[2026-05-28T01:28:55.332Z] GET http://localhost:3000/_next/static/chunks/app/staff/layout.js → 200 (48ms, 2161883B)
[2026-05-28T01:28:56.501Z] GET http://localhost:3000/__nextjs_font/geist-latin.woff2 → 200 (?ms, ?B)
[2026-05-28T01:28:56.501Z] GET http://localhost:3000/__nextjs_font/geist-mono-latin.woff2 → 200 (?ms, ?B)
[2026-05-28T01:28:56.567Z] GET http://localhost:3000/_next/static/chunks/_app-pages-browser_node_modules_tanstack_query-devtools_build_DevtoolsComponent_VKXKX7EQ_js.js → 200 (25ms, 1289444B)
[2026-05-28T01:29:15.617Z] GET http://localhost:3000/staff/students → pending (?ms, ?B)
[2026-05-28T01:29:16.538Z] GET http://localhost:3000/staff/students/2fecdbe1-4b78-4ee4-a1e0-a7672f172e20/edit?_rsc=XsUoTYQ9XgyQSs5c → pending (?ms, ?B)
[2026-05-28T01:29:16.540Z] GET http://localhost:3000/_next/static/webpack/dc5714d6797b741e.webpack.hot-update.json → pending (?ms, ?B)
[2026-05-28T01:29:17.094Z] GET http://localhost:3000/_next/static/css/app/layout.css?v=1779931756736 → 200 (19ms, 176705B)
[2026-05-28T01:29:17.094Z] GET http://localhost:3000/_next/static/chunks/webpack.js?v=1779931756736 → 200 (42ms, 142828B)
[2026-05-28T01:29:17.094Z] GET http://localhost:3000/_next/static/chunks/main-app.js?v=1779931756736 → 200 (699ms, ?B)
[2026-05-28T01:29:17.094Z] GET http://localhost:3000/_next/static/chunks/app-pages-internals.js → 200 (159ms, 253012B)
[2026-05-28T01:29:17.094Z] GET http://localhost:3000/_next/static/chunks/app/layout.js → 200 (179ms, 849360B)
[2026-05-28T01:29:17.094Z] GET http://localhost:3000/_next/static/chunks/app/error.js → 200 (160ms, 417494B)
[2026-05-28T01:29:17.094Z] GET http://localhost:3000/_next/static/chunks/app/not-found.js → 200 (159ms, 181177B)
[2026-05-28T01:29:17.094Z] GET http://localhost:3000/_next/static/chunks/app/staff/error.js → 200 (242ms, 417882B)
[2026-05-28T01:29:17.152Z] GET http://localhost:3000/_next/static/media/26d4368bf94c0ec4-s.p.woff2 → 200 (1ms, ?B)
[2026-05-28T01:29:17.350Z] GET http://localhost:3000/_next/static/chunks/app/staff/students/page.js → 200 (90ms, 746598B)
[2026-05-28T01:29:17.386Z] GET http://localhost:3000/_next/image?url=%2FMLAND%20LOGO.png&w=32&q=75 → 304 (38ms, ?B)
[2026-05-28T01:29:17.386Z] GET http://localhost:3000/_next/static/chunks/app/staff/layout.js → 200 (82ms, 2161883B)
[2026-05-28T01:29:18.570Z] GET http://localhost:3000/__nextjs_font/geist-latin.woff2 → 200 (?ms, ?B)
[2026-05-28T01:29:18.571Z] GET http://localhost:3000/__nextjs_font/geist-mono-latin.woff2 → 200 (?ms, ?B)
[2026-05-28T01:29:18.627Z] GET http://localhost:3000/_next/static/chunks/_app-pages-browser_node_modules_tanstack_query-devtools_build_DevtoolsComponent_VKXKX7EQ_js.js → 200 (12ms, 1289444B)
[2026-05-28T01:29:18.851Z] GET http://localhost:3000/api/students?schoolYearId=e94cfee3-8ef3-467d-b5ef-5edef8dc0219 → pending (?ms, ?B)
[2026-05-28T01:29:18.928Z] GET http://localhost:3000/api/students → pending (?ms, ?B)
[2026-05-28T01:29:19.614Z] GET http://localhost:3000/staff/students?_rsc=Qo3JO4Knn0pplkxc → 200 (345ms, ?B)
[2026-05-28T01:29:19.616Z] GET http://localhost:3000/_next/static/webpack/fe2cc7477ee1cd7c.webpack.hot-update.json → 200 (350ms, ?B)
[2026-05-28T01:29:19.974Z] GET http://localhost:3000/_next/static/webpack/webpack.fe2cc7477ee1cd7c.hot-update.js → pending (?ms, ?B)
[2026-05-28T01:29:20.037Z] GET http://localhost:3000/_next/static/css/app/layout.css?v=1779931759872 → 200 (162ms, ?B)
[2026-05-28T01:29:30.548Z] GET http://localhost:3000/staff/students/06106f80-e615-46a0-b8bf-5a94038de58b/edit → pending (?ms, ?B)
[2026-05-28T01:29:32.386Z] GET http://localhost:3000/_next/static/css/app/layout.css?v=1779931772048 → 200 (30ms, 176705B)
[2026-05-28T01:29:32.386Z] GET http://localhost:3000/_next/static/chunks/webpack.js?v=1779931772048 → 200 (41ms, 143147B)
[2026-05-28T01:29:32.386Z] GET http://localhost:3000/_next/static/chunks/main-app.js?v=1779931772048 → pending (?ms, ?B)
[2026-05-28T01:29:32.386Z] GET http://localhost:3000/_next/static/chunks/app-pages-internals.js → 200 (58ms, 253012B)
[2026-05-28T01:29:32.387Z] GET http://localhost:3000/_next/static/chunks/app/layout.js → 200 (73ms, 849360B)
[2026-05-28T01:29:32.387Z] GET http://localhost:3000/_next/static/chunks/app/error.js → 200 (72ms, 417494B)
[2026-05-28T01:29:32.387Z] GET http://localhost:3000/_next/static/chunks/app/staff/students/%5Bid%5D/edit/page.js → 200 (110ms, 2692079B)
[2026-05-28T01:29:32.387Z] GET http://localhost:3000/_next/static/chunks/app/staff/error.js → 200 (274ms, 417882B)
[2026-05-28T01:29:32.387Z] GET http://localhost:3000/_next/static/css/app/staff/students/%5Bid%5D/layout.css?v=1779931772048 → 200 (31ms, 7999B)
[2026-05-28T01:29:32.433Z] GET http://localhost:3000/_next/static/media/26d4368bf94c0ec4-s.p.woff2 → 200 (?ms, ?B)
[2026-05-28T01:29:32.739Z] GET http://localhost:3000/_next/image?url=%2FMLAND%20LOGO.png&w=32&q=75 → 200 (3ms, 1060B)
[2026-05-28T01:29:32.739Z] GET http://localhost:3000/_next/static/chunks/app/staff/layout.js → 200 (21ms, 2161883B)
[2026-05-28T01:29:34.134Z] GET http://localhost:3000/__nextjs_font/geist-latin.woff2 → 200 (?ms, ?B)
[2026-05-28T01:29:34.134Z] GET http://localhost:3000/__nextjs_font/geist-mono-latin.woff2 → 200 (?ms, ?B)
[2026-05-28T01:29:34.166Z] GET http://localhost:3000/_next/static/chunks/_app-pages-browser_node_modules_tanstack_query-devtools_build_DevtoolsComponent_VKXKX7EQ_js.js → 200 (20ms, 1289444B)
[2026-05-28T01:29:58.062Z] GET http://localhost:3000/_next/static/webpack/765fc69ce97c8885.webpack.hot-update.json → 200 (277ms, 31B)
[2026-05-28T01:29:58.340Z] GET http://localhost:3000/_next/static/webpack/webpack.765fc69ce97c8885.hot-update.js → 200 (4ms, 1157B)
[2026-05-28T01:30:40.067Z] POST http://localhost:3000/staff/students/06106f80-e615-46a0-b8bf-5a94038de58b/edit → 200 (383ms, 32704B)
[2026-05-28T01:30:40.471Z] GET http://localhost:3000/_next/static/css/app/layout.css?v=1779931840120 → 200 (18ms, 176705B)
[2026-05-28T01:30:40.471Z] GET http://localhost:3000/_next/static/css/app/staff/students/%5Bid%5D/layout.css?v=1779931840120 → 200 (17ms, 7999B)
[2026-05-28T01:30:40.525Z] GET http://localhost:3000/staff/students/06106f80-e615-46a0-b8bf-5a94038de58b?_rsc=TgcTP_etEvDCS_io → 200 (85ms, ?B)
[2026-05-28T01:30:40.786Z] GET http://localhost:3000/_next/static/chunks/app/staff/students/%5Bid%5D/page.js → 200 (55ms, 2091866B)
[2026-05-28T01:30:54.531Z] GET http://localhost:3000/staff/students/06106f80-e615-46a0-b8bf-5a94038de58b/edit → 200 (189ms, ?B)
[2026-05-28T01:30:54.728Z] GET http://localhost:3000/_next/static/css/app/layout.css?v=1779931854552 → 200 (16ms, 176705B)
[2026-05-28T01:30:54.728Z] GET http://localhost:3000/_next/static/chunks/webpack.js?v=1779931854552 → 200 (25ms, 143147B)
[2026-05-28T01:30:54.728Z] GET http://localhost:3000/_next/static/chunks/main-app.js?v=1779931854552 → pending (?ms, ?B)
[2026-05-28T01:30:54.728Z] GET http://localhost:3000/_next/static/chunks/app-pages-internals.js → pending (?ms, ?B)
[2026-05-28T01:30:54.728Z] GET http://localhost:3000/_next/static/chunks/app/layout.js → pending (?ms, ?B)
[2026-05-28T01:30:54.728Z] GET http://localhost:3000/_next/static/chunks/app/error.js → pending (?ms, ?B)
[2026-05-28T01:30:54.728Z] GET http://localhost:3000/_next/static/chunks/app/staff/students/%5Bid%5D/edit/page.js → pending (?ms, ?B)
[2026-05-28T01:30:54.728Z] GET http://localhost:3000/_next/static/chunks/app/staff/error.js → pending (?ms, ?B)
[2026-05-28T01:30:54.728Z] GET http://localhost:3000/_next/static/css/app/staff/students/%5Bid%5D/layout.css?v=1779931854552 → 200 (15ms, 7999B)
[2026-05-28T01:30:54.757Z] GET http://localhost:3000/_next/static/media/26d4368bf94c0ec4-s.p.woff2 → 200 (?ms, ?B)
[2026-05-28T01:30:55.057Z] GET http://localhost:3000/_next/image?url=%2FMLAND%20LOGO.png&w=32&q=75 → 304 (1ms, ?B)
[2026-05-28T01:30:55.057Z] GET http://localhost:3000/_next/static/chunks/app/staff/layout.js → 200 (24ms, 2161883B)
[2026-05-28T01:30:56.122Z] GET http://localhost:3000/__nextjs_font/geist-latin.woff2 → 200 (?ms, ?B)
[2026-05-28T01:30:56.122Z] GET http://localhost:3000/__nextjs_font/geist-mono-latin.woff2 → 200 (?ms, ?B)
[2026-05-28T01:30:56.157Z] GET http://localhost:3000/_next/static/chunks/_app-pages-browser_node_modules_tanstack_query-devtools_build_DevtoolsComponent_VKXKX7EQ_js.js → 200 (130ms, 1289444B)
[2026-05-28T01:31:53.448Z] GET http://localhost:3000/_next/static/webpack/0a122505e5fbe89d.webpack.hot-update.json → 200 (215ms, 31B)
[2026-05-28T01:31:53.665Z] GET http://localhost:3000/_next/static/webpack/webpack.0a122505e5fbe89d.hot-update.js → 200 (19ms, 1157B)
[2026-05-28T01:32:06.101Z] GET http://localhost:3000/_next/static/webpack/45f938cfc90a636e.webpack.hot-update.json → 200 (136ms, 31B)
[2026-05-28T01:32:06.238Z] GET http://localhost:3000/_next/static/webpack/webpack.45f938cfc90a636e.hot-update.js → 200 (5ms, 1157B)
